// Jest Snapshot v1, https://goo.gl/fbAQLP

exports[`PokemonPage Component Must match snapshot 1`] = `<h1>Please wait...</h1>`;

exports[`PokemonPage Component Must match snapshot after loading Pokemon 1`] = `
<div>
  <h1>Who is this Pok√©mon?</h1>
  <pokemon-picture-stub pokemonid="1" showpokemon="false"></pokemon-picture-stub>
  <pokemon-options-stub pokemons="[object Object],[object Object],[object Object],[object Object]"></pokemon-options-stub>
  <!--v-if-->
</div>
`;
