// Jest Snapshot v1, https://goo.gl/fbAQLP

exports[`PokemonOptions Component Must match snapshot 1`] = `
<div class="options-container">
  <ul>
    <li>bulbasaur</li>
    <li>ivysaur</li>
    <li>charizard</li>
    <li>blastoise</li>
  </ul>
</div>
`;
